cargo :     Checking backend v0.1.0 (C:\codes\discord2\backend)
At line:1 char:1
+ cargo check -p backend > build_errors.txt 2>&1
+ ~~~~~~~~~~~~~~~~~~~~~~~~~~~~~~~~~~~~~~~~~~~~~~
    + CategoryInfo          : NotSpecified: (    Checking ba...scord2\b 
   ackend):String) [], RemoteException
    + FullyQualifiedErrorId : NativeCommandError
 
warning: unused import: `self`
 --> backend\src\rooms.rs:6:30
  |
6 | use crate::ws::{Broadcaster, self}; // Import Broadcaster and self 
for maybe msg types
  |                              ^^^^
  |
  = note: `#[warn(unused_imports)]` (part of `#[warn(unused)]`) on by 
default

error[E0308]: mismatched types
   --> backend\src\ws.rs:90:49
    |
 90 | ...                   let _ = tx.send(text.clone());
    |                                  ---- ^^^^^^^^^^^^ expected 
`String`, found `ByteString`
    |                                  |
    |                                  arguments to this method are 
incorrect
    |
help: the return type of this call is `bytestring::ByteString` due to 
the type of the argument passed
   --> backend\src\ws.rs:90:41
    |
 90 | ...                   let _ = tx.send(text.clone());
    |                               ^^^^^^^^------------^
    |                                       |
    |                                       this argument influences 
the return type of `send`
note: method defined here
   --> C:\Users\pouar\.cargo\registry\src\index.crates.io-1949cf8c6b5b55
7f\tokio-1.49.0\src\sync\broadcast.rs:631:12
    |
631 |     pub fn send(&self, value: T) -> Result<usize, SendError<T>> {
    |            ^^^^
help: try using a conversion method
    |
 90 -                                 let _ = tx.send(text.clone());
 90 +                                 let _ = tx.send(text.to_string());
    |

error[E0308]: mismatched types
   --> backend\src\ws.rs:109:49
    |
109 | ...                   let _ = tx.send(text); // Broadcast leave
    |                                  ---- ^^^^ expected `String`, 
found `ByteString`
    |                                  |
    |                                  arguments to this method are 
incorrect
    |
help: the return type of this call is `bytestring::ByteString` due to 
the type of the argument passed
   --> backend\src\ws.rs:109:41
    |
109 | ...                   let _ = tx.send(text); // Broadcast leave
    |                               ^^^^^^^^----^
    |                                       |
    |                                       this argument influences 
the return type of `send`
note: method defined here
   --> C:\Users\pouar\.cargo\registry\src\index.crates.io-1949cf8c6b5b55
7f\tokio-1.49.0\src\sync\broadcast.rs:631:12
    |
631 |     pub fn send(&self, value: T) -> Result<usize, SendError<T>> {
    |            ^^^^
help: try using a conversion method
    |
109 |                                 let _ = 
tx.send(text.to_string()); // Broadcast leave
    |                                                     ++++++++++++

For more information about this error, try `rustc --explain E0308`.
warning: `backend` (bin "backend") generated 1 warning
error: could not compile `backend` (bin "backend") due to 2 previous 
errors; 1 warning emitted
