cargo :    Compiling discord-app v0.1.0 
(C:\codes\discord2\discord-app\src-tauri)
At line:1 char:38
+ ... 'Continue'; cargo build -p discord-app *> 
C:\codes\discord2\build_out ...
+                 
~~~~~~~~~~~~~~~~~~~~~~~~~~~~~~~~~~~~~~~~~~~~~~~~~~~~~~~~~
    + CategoryInfo          : NotSpecified: (   Compiling di...-app\src 
   -tauri):String) [], RemoteException
    + FullyQualifiedErrorId : NativeCommandError
 
error: failed to run custom build command for `discord-app v0.1.0 
(C:\codes\discord2\discord-app\src-tauri)`

Caused by:
  process didn't exit successfully: `C:\codes\discord2\target\debug\buil
d\discord-app-7ac7a0a052593fdb\build-script-build` (exit code: 1)
  --- stdout
  cargo:rerun-if-env-changed=TAURI_CONFIG
  cargo:rustc-check-cfg=cfg(desktop)
  cargo:rustc-cfg=desktop
  cargo:rustc-check-cfg=cfg(mobile)
  cargo:rerun-if-changed=C:\codes\discord2\discord-app\src-tauri\tauri.c
onf.json
  cargo:rustc-env=TAURI_ANDROID_PACKAGE_NAME_APP_NAME=app
  cargo:rustc-env=TAURI_ANDROID_PACKAGE_NAME_PREFIX=com_discord2
  cargo:rustc-check-cfg=cfg(dev)
  cargo:rustc-cfg=dev
  cargo:PERMISSION_FILES_PATH=C:\codes\discord2\target\debug\build\disco
rd-app-878260e4ebad690c\out\app-manifest\__app__-permission-files
  cargo:rerun-if-changed=capabilities
  cargo:rerun-if-env-changed=REMOVE_UNUSED_COMMANDS
  cargo:rustc-env=TAURI_ENV_TARGET_TRIPLE=x86_64-pc-windows-msvc
  package.metadata does not exist
  `icons/icon.ico` not found; required for generating a Windows 
Resource file during tauri-build
